22:21:43 [N150000 pass 1 107s] m4_eps0.05_B4_rising:acti 2.7e-02 a=1 | m4_eps0.05_B4_falling:acti 1.2e-02 a=1 | m4_eps0.05_B4_equal:acti 2.3e-02 a=1 | m4_eps0.05_B8_rising:acti 3.7e-02 a=1 | m4_eps0.05_B8_falling:acti 2.4e-02 a=1 | m4_eps0.05_B8_equal:acti 3.3e-02 a=1 | m5_eps0.05_B4_rising:acti 2.6e-02 a=1 | m5_eps0.05_B4_falling:acti 1.0e-02 a=1 | m5_eps0.05_B4_equal:acti 2.2e-02 a=1 | m5_eps0.05_B8_rising:acti 3.6e-02 a=1 | m5_eps0.05_B8_falling:acti 2.2e-02 a=1 | m5_eps0.05_B8_equal:acti 3.2e-02 a=1
22:23:29 [N150000 pass 2 106s] m4_eps0.05_B4_rising:acti 4.0e-04 a=1 | m4_eps0.05_B4_falling:acti 1.2e-04 a=1 | m4_eps0.05_B4_equal:acti 3.2e-04 a=1 | m4_eps0.05_B8_rising:acti 5.5e-04 a=1 | m4_eps0.05_B8_falling:acti 3.8e-04 a=1 | m4_eps0.05_B8_equal:acti 5.3e-04 a=1 | m5_eps0.05_B4_rising:acti 3.7e-04 a=1 | m5_eps0.05_B4_falling:acti 8.2e-05 a=1 | m5_eps0.05_B4_equal:acti 2.9e-04 a=1 | m5_eps0.05_B8_rising:acti 5.5e-04 a=1 | m5_eps0.05_B8_falling:acti 3.3e-04 a=1 | m5_eps0.05_B8_equal:acti 5.2e-04 a=1
22:25:22 [N150000 pass 3 113s] m4_eps0.05_B4_rising:acti 1.2e-07 a=1 | m4_eps0.05_B4_falling:acti 1.4e-08 a=1 | m4_eps0.05_B4_equal:acti 8.0e-08 a=1 | m4_eps0.05_B8_rising:acti 2.5e-07 a=1 | m4_eps0.05_B8_falling:acti 1.4e-07 a=1 | m4_eps0.05_B8_equal:acti 2.4e-07 a=1 | m5_eps0.05_B4_rising:acti 1.1e-07 a=1 | m5_eps0.05_B4_falling:acti 6.1e-09 a=1 | m5_eps0.05_B4_equal:acti 6.6e-08 a=1 | m5_eps0.05_B8_rising:acti 2.5e-07 a=1 | m5_eps0.05_B8_falling:acti 1.1e-07 a=1 | m5_eps0.05_B8_equal:acti 2.3e-07 a=1
22:27:22 [N150000 pass 4 121s] m4_eps0.05_B4_rising:conv 1.1e-14 a=1 | m4_eps0.05_B4_falling:conv 4.4e-16 a=1 | m4_eps0.05_B4_equal:conv 5.3e-15 a=1 | m4_eps0.05_B8_rising:conv 5.3e-14 a=1 | m4_eps0.05_B8_falling:conv 2.1e-14 a=1 | m4_eps0.05_B8_equal:conv 5.1e-14 a=1 | m5_eps0.05_B4_rising:conv 8.4e-15 a=1 | m5_eps0.05_B4_falling:conv 4.4e-16 a=1 | m5_eps0.05_B4_equal:conv 3.6e-15 a=1 | m5_eps0.05_B8_rising:conv 5.4e-14 a=1 | m5_eps0.05_B8_falling:conv 1.1e-14 a=1 | m5_eps0.05_B8_equal:conv 4.7e-14 a=1
22:34:44 [N500000 pass 1 441s] m4_eps0.05_B4_rising:acti 2.4e-04 a=1 | m4_eps0.05_B4_falling:acti 2.2e-04 a=1 | m4_eps0.05_B4_equal:acti 2.1e-04 a=1 | m4_eps0.05_B8_rising:acti 3.6e-04 a=1 | m4_eps0.05_B8_falling:acti 2.2e-04 a=1 | m4_eps0.05_B8_equal:acti 3.1e-04 a=1 | m5_eps0.05_B4_rising:acti 2.2e-04 a=1 | m5_eps0.05_B4_falling:acti 2.2e-04 a=1 | m5_eps0.05_B4_equal:acti 2.1e-04 a=1 | m5_eps0.05_B8_rising:acti 3.4e-04 a=1 | m5_eps0.05_B8_falling:acti 2.2e-04 a=1 | m5_eps0.05_B8_equal:acti 2.9e-04 a=1
22:41:55 [N500000 pass 2 431s] m4_eps0.05_B4_rising:acti 1.8e-08 a=1 | m4_eps0.05_B4_falling:acti 4.4e-08 a=1 | m4_eps0.05_B4_equal:acti 1.8e-08 a=1 | m4_eps0.05_B8_rising:acti 4.4e-08 a=1 | m4_eps0.05_B8_falling:acti 4.2e-08 a=1 | m4_eps0.05_B8_equal:acti 3.5e-08 a=1 | m5_eps0.05_B4_rising:acti 1.7e-08 a=1 | m5_eps0.05_B4_falling:acti 4.6e-08 a=1 | m5_eps0.05_B4_equal:acti 1.7e-08 a=1 | m5_eps0.05_B8_rising:acti 3.8e-08 a=1 | m5_eps0.05_B8_falling:acti 4.1e-08 a=1 | m5_eps0.05_B8_equal:acti 3.0e-08 a=1
22:48:42 [N500000 pass 3 407s] m4_eps0.05_B4_rising:conv 6.7e-16 a=1 | m4_eps0.05_B4_falling:conv 8.9e-16 a=1 | m4_eps0.05_B4_equal:conv 4.4e-16 a=1 | m4_eps0.05_B8_rising:conv 1.3e-15 a=1 | m4_eps0.05_B8_falling:conv 8.9e-16 a=1 | m4_eps0.05_B8_equal:conv 4.4e-16 a=1 | m5_eps0.05_B4_rising:conv 4.4e-16 a=1 | m5_eps0.05_B4_falling:conv 8.9e-16 a=1 | m5_eps0.05_B4_equal:conv 4.4e-16 a=1 | m5_eps0.05_B8_rising:conv 1.0e-15 a=1 | m5_eps0.05_B8_falling:conv 4.4e-16 a=1 | m5_eps0.05_B8_equal:conv 2.2e-16 a=1
22:48:42 [final] m4_eps0.05_B4_rising: res 6.7e-16 peaks [0.8, 1.6, 2.2, 2.8] se [0.0, 0.0001, 0.0001, 0.0003] modes [1, 1, 1, 1] t'm 3.260 yield 0.997
22:48:42 [final] m4_eps0.05_B4_falling: res 8.9e-16 peaks [0.8, 1.6, 2.2, 2.8] se [0.0, 0.0001, 0.0002, 0.0004] modes [1, 1, 1, 1] t'm 3.202 yield 0.999
22:48:42 [final] m4_eps0.05_B4_equal: res 4.4e-16 peaks [0.8, 1.6, 2.2, 2.8] se [0.0, 0.0001, 0.0001, 0.0003] modes [1, 1, 1, 1] t'm 3.239 yield 0.998
22:48:42 [final] m4_eps0.05_B8_rising: res 1.3e-15 peaks [0.8, 1.6, 2.2, 2.8] se [0.0, 0.0001, 0.0001, 0.0004] modes [1, 1, 1, 1] t'm 3.387 yield 0.997
22:48:42 [final] m4_eps0.05_B8_falling: res 8.9e-16 peaks [0.8, 1.6, 2.2, 2.8] se [0.0, 0.0001, 0.0002, 0.0004] modes [1, 1, 1, 1] t'm 3.380 yield 0.999
22:48:42 [final] m4_eps0.05_B8_equal: res 4.4e-16 peaks [0.8, 1.6, 2.2, 2.8] se [0.0, 0.0001, 0.0001, 0.0004] modes [1, 1, 1, 1] t'm 3.382 yield 0.998
22:48:42 [final] m5_eps0.05_B4_rising: res 4.4e-16 peaks [0.8, 1.2, 1.6, 2.2, 2.8] se [0.0, 0.0, 0.0001, 0.0002, 0.0003] modes [1, 1, 1, 1, 1] t'm 3.254 yield 0.997
22:48:42 [final] m5_eps0.05_B4_falling: res 8.9e-16 peaks [0.8, 1.2, 1.6, 2.2, 2.8] se [0.0, 0.0, 0.0001, 0.0002, 0.0003] modes [1, 1, 1, 1, 1] t'm 3.167 yield 0.999
22:48:42 [final] m5_eps0.05_B4_equal: res 4.4e-16 peaks [0.8, 1.2, 1.6, 2.2, 2.8] se [0.0, 0.0, 0.0001, 0.0002, 0.0003] modes [1, 1, 1, 1, 1] t'm 3.227 yield 0.998
22:48:43 [final] m5_eps0.05_B8_rising: res 1.0e-15 peaks [0.8, 1.2, 1.6, 2.2, 2.8] se [0.0, 0.0, 0.0001, 0.0001, 0.0004] modes [1, 1, 1, 1, 1] t'm 3.386 yield 0.998
22:48:43 [final] m5_eps0.05_B8_falling: res 4.4e-16 peaks [0.8, 1.2, 1.6, 2.2, 2.8] se [0.0, 0.0, 0.0001, 0.0002, 0.0004] modes [1, 1, 1, 1, 1] t'm 3.370 yield 0.999
22:48:43 [final] m5_eps0.05_B8_equal: res 2.2e-16 peaks [0.8, 1.2, 1.6, 2.2, 2.8] se [0.0, 0.0, 0.0001, 0.0002, 0.0004] modes [1, 1, 1, 1, 1] t'm 3.378 yield 0.998
22:50:25 [oos] 2e+05 paths: max|z| per cell m4_eps0.05_B4_rising:1.38, m4_eps0.05_B4_falling:1.29, m4_eps0.05_B4_equal:1.34, m4_eps0.05_B8_rising:1.38, m4_eps0.05_B8_falling:1.29, m4_eps0.05_B8_equal:1.34, m5_eps0.05_B4_rising:1.40, m5_eps0.05_B4_falling:1.40, m5_eps0.05_B4_equal:1.41, m5_eps0.05_B8_rising:1.40, m5_eps0.05_B8_falling:1.40, m5_eps0.05_B8_equal:1.41
