22:51:51 [N150000 pass 1 84s] m4_eps0.025_B4_rising:acti 2.2e-02 a=1 | m4_eps0.025_B4_falling:acti 1.7e-02 a=1 | m4_eps0.025_B4_equal:acti 2.0e-02 a=1 | m4_eps0.025_B8_rising:acti 2.7e-02 a=1 | m4_eps0.025_B8_falling:acti 2.3e-02 a=1 | m4_eps0.025_B8_equal:acti 2.6e-02 a=1 | m5_eps0.025_B4_rising:acti 2.1e-02 a=1 | m5_eps0.025_B4_falling:acti 1.6e-02 a=1 | m5_eps0.025_B4_equal:acti 2.0e-02 a=1 | m5_eps0.025_B8_rising:acti 2.7e-02 a=1 | m5_eps0.025_B8_falling:acti 2.3e-02 a=1 | m5_eps0.025_B8_equal:acti 2.6e-02 a=1
22:53:15 [N150000 pass 2 84s] m4_eps0.025_B4_rising:acti 8.8e-05 a=1 | m4_eps0.025_B4_falling:acti 3.7e-05 a=1 | m4_eps0.025_B4_equal:acti 6.8e-05 a=1 | m4_eps0.025_B8_rising:acti 2.3e-04 a=1 | m4_eps0.025_B8_falling:acti 1.5e-04 a=1 | m4_eps0.025_B8_equal:acti 2.0e-04 a=1 | m5_eps0.025_B4_rising:acti 8.0e-05 a=1 | m5_eps0.025_B4_falling:acti 3.1e-05 a=1 | m5_eps0.025_B4_equal:acti 6.0e-05 a=1 | m5_eps0.025_B8_rising:acti 2.2e-04 a=1 | m5_eps0.025_B8_falling:acti 1.3e-04 a=1 | m5_eps0.025_B8_equal:acti 1.8e-04 a=1
22:54:38 [N150000 pass 3 83s] m4_eps0.025_B4_rising:acti 1.2e-09 a=1 | m4_eps0.025_B4_falling:acti 1.3e-09 a=1 | m4_eps0.025_B4_equal:acti 7.2e-10 a=1 | m4_eps0.025_B8_rising:acti 1.4e-08 a=1 | m4_eps0.025_B8_falling:acti 7.0e-09 a=1 | m4_eps0.025_B8_equal:acti 1.1e-08 a=1 | m5_eps0.025_B4_rising:acti 8.9e-10 a=1 | m5_eps0.025_B4_falling:acti 7.8e-10 a=1 | m5_eps0.025_B4_equal:acti 4.4e-10 a=1 | m5_eps0.025_B8_rising:acti 1.2e-08 a=1 | m5_eps0.025_B8_falling:acti 4.0e-09 a=1 | m5_eps0.025_B8_equal:acti 8.0e-09 a=1
22:56:01 [N150000 pass 4 83s] m4_eps0.025_B4_rising:conv 1.7e-16 a=1 | m4_eps0.025_B4_falling:conv 4.4e-16 a=1 | m4_eps0.025_B4_equal:conv 1.9e-16 a=1 | m4_eps0.025_B8_rising:conv 4.4e-16 a=1 | m4_eps0.025_B8_falling:conv 4.4e-16 a=1 | m4_eps0.025_B8_equal:conv 1.4e-16 a=1 | m5_eps0.025_B4_rising:conv 2.2e-16 a=1 | m5_eps0.025_B4_falling:conv 4.4e-16 a=1 | m5_eps0.025_B4_equal:conv 4.4e-16 a=1 | m5_eps0.025_B8_rising:conv 2.2e-16 a=1 | m5_eps0.025_B8_falling:conv 4.4e-16 a=1 | m5_eps0.025_B8_equal:conv 4.4e-16 a=1
23:00:58 [N500000 pass 1 296s] m4_eps0.025_B4_rising:acti 3.5e-04 a=1 | m4_eps0.025_B4_falling:acti 3.3e-04 a=1 | m4_eps0.025_B4_equal:acti 3.5e-04 a=1 | m4_eps0.025_B8_rising:acti 4.1e-04 a=1 | m4_eps0.025_B8_falling:acti 4.2e-04 a=1 | m4_eps0.025_B8_equal:acti 4.2e-04 a=1 | m5_eps0.025_B4_rising:acti 3.5e-04 a=1 | m5_eps0.025_B4_falling:acti 3.0e-04 a=1 | m5_eps0.025_B4_equal:acti 3.3e-04 a=1 | m5_eps0.025_B8_rising:acti 4.1e-04 a=1 | m5_eps0.025_B8_falling:acti 4.1e-04 a=1 | m5_eps0.025_B8_equal:acti 4.1e-04 a=1
23:05:57 [N500000 pass 2 299s] m4_eps0.025_B4_rising:acti 3.6e-09 a=1 | m4_eps0.025_B4_falling:acti 3.3e-09 a=1 | m4_eps0.025_B4_equal:acti 4.0e-09 a=1 | m4_eps0.025_B8_rising:acti 7.9e-09 a=1 | m4_eps0.025_B8_falling:acti 1.3e-08 a=1 | m4_eps0.025_B8_equal:acti 1.0e-08 a=1 | m5_eps0.025_B4_rising:acti 3.0e-09 a=1 | m5_eps0.025_B4_falling:acti 1.7e-09 a=1 | m5_eps0.025_B4_equal:acti 2.9e-09 a=1 | m5_eps0.025_B8_rising:acti 7.2e-09 a=1 | m5_eps0.025_B8_falling:acti 9.1e-09 a=1 | m5_eps0.025_B8_equal:acti 8.1e-09 a=1
23:10:44 [N500000 pass 3 287s] m4_eps0.025_B4_rising:conv 2.2e-16 a=1 | m4_eps0.025_B4_falling:conv 1.7e-16 a=1 | m4_eps0.025_B4_equal:conv 4.4e-16 a=1 | m4_eps0.025_B8_rising:conv 5.6e-17 a=1 | m4_eps0.025_B8_falling:conv 2.2e-16 a=1 | m4_eps0.025_B8_equal:conv 4.4e-16 a=1 | m5_eps0.025_B4_rising:conv 4.4e-16 a=1 | m5_eps0.025_B4_falling:conv 4.4e-16 a=1 | m5_eps0.025_B4_equal:conv 4.4e-16 a=1 | m5_eps0.025_B8_rising:conv 4.4e-16 a=1 | m5_eps0.025_B8_falling:conv 2.5e-16 a=1 | m5_eps0.025_B8_equal:conv 8.3e-17 a=1
23:10:44 [final] m4_eps0.025_B4_rising: res 2.2e-16 peaks [0.8, 1.6, 2.2, 2.8] se [0.0, 0.0, 0.0001, 0.0002] modes [1, 1, 1, 1] t'm 2.996 yield 1.000
23:10:44 [final] m4_eps0.025_B4_falling: res 1.7e-16 peaks [0.8, 1.6, 2.2, 2.8] se [0.0, 0.0, 0.0001, 0.0002] modes [1, 1, 1, 1] t'm 2.967 yield 1.000
23:10:45 [final] m4_eps0.025_B4_equal: res 4.4e-16 peaks [0.8, 1.6, 2.2, 2.8] se [0.0, 0.0, 0.0001, 0.0002] modes [1, 1, 1, 1] t'm 2.986 yield 1.000
23:10:45 [final] m4_eps0.025_B8_rising: res 5.6e-17 peaks [0.8, 1.6, 2.2, 2.8] se [0.0, 0.0, 0.0001, 0.0002] modes [1, 1, 1, 1] t'm 3.042 yield 1.000
23:10:45 [final] m4_eps0.025_B8_falling: res 2.2e-16 peaks [0.8, 1.6, 2.2, 2.8] se [0.0, 0.0, 0.0001, 0.0002] modes [1, 1, 1, 1] t'm 3.034 yield 1.000
23:10:45 [final] m4_eps0.025_B8_equal: res 4.4e-16 peaks [0.8, 1.6, 2.2, 2.8] se [0.0, 0.0, 0.0001, 0.0002] modes [1, 1, 1, 1] t'm 3.039 yield 1.000
23:10:45 [final] m5_eps0.025_B4_rising: res 4.4e-16 peaks [0.8, 1.2, 1.6, 2.2, 2.8] se [0.0, 0.0, 0.0, 0.0001, 0.0002] modes [1, 1, 1, 1, 1] t'm 2.993 yield 1.000
23:10:45 [final] m5_eps0.025_B4_falling: res 4.4e-16 peaks [0.8, 1.2, 1.6, 2.2, 2.8] se [0.0, 0.0, 0.0, 0.0001, 0.0002] modes [1, 1, 1, 1, 1] t'm 2.952 yield 1.000
23:10:45 [final] m5_eps0.025_B4_equal: res 4.4e-16 peaks [0.8, 1.2, 1.6, 2.2, 2.8] se [0.0, 0.0, 0.0, 0.0001, 0.0002] modes [1, 1, 1, 1, 1] t'm 2.981 yield 1.000
23:10:45 [final] m5_eps0.025_B8_rising: res 4.4e-16 peaks [0.8, 1.2, 1.6, 2.2, 2.8] se [0.0, 0.0, 0.0, 0.0001, 0.0002] modes [1, 1, 1, 1, 1] t'm 3.041 yield 1.000
23:10:45 [final] m5_eps0.025_B8_falling: res 2.5e-16 peaks [0.8, 1.2, 1.6, 2.2, 2.8] se [0.0, 0.0, 0.0, 0.0001, 0.0002] modes [1, 1, 1, 1, 1] t'm 3.030 yield 1.000
23:10:45 [final] m5_eps0.025_B8_equal: res 8.3e-17 peaks [0.8, 1.2, 1.6, 2.2, 2.8] se [0.0, 0.0, 0.0, 0.0001, 0.0002] modes [1, 1, 1, 1, 1] t'm 3.037 yield 1.000
23:12:11 [oos] 2e+05 paths: max|z| per cell m4_eps0.025_B4_rising:1.00, m4_eps0.025_B4_falling:0.92, m4_eps0.025_B4_equal:0.91, m4_eps0.025_B8_rising:1.01, m4_eps0.025_B8_falling:0.92, m4_eps0.025_B8_equal:0.92, m5_eps0.025_B4_rising:1.05, m5_eps0.025_B4_falling:1.11, m5_eps0.025_B4_equal:1.05, m5_eps0.025_B8_rising:1.06, m5_eps0.025_B8_falling:1.11, m5_eps0.025_B8_equal:1.05
